
compile rc=0
     build: optimised (-O)
ok   P1 100,000 notes, a kind and a folder each (37.5 ms)
ok   P1 24 top folders among 915
ok   P1 folders at most 3 deep, every parent made before its child (acyclic)
ok   P1 about 15% pages and 2% loose
ok   P1 about 2.3 links a note
ok   P1 no self links and no duplicate links
ok   P1 unique ids
ok   P1 the same seed gives the same vault
ok   P1 another seed another vault
ok   P1 titles on demand
     graph: 100000 notes, 915 folders, 230080 links, 59 loose groups, highest degree 287, built in 31.6 ms
ok   P2 every generated link kept once
ok   P2 hubs grow (preferential attachment)
ok   P2 CSR symmetric, rows ascending, no self
ok   P2 notes in UUID byte order
ok   P2 input order, link direction, duplicates and unknown ends do not matter
ok   P2 and so the layout is the same
ok   P2 the signature changes with the link scale and the links
ok   P2 an input made from ids is the same graph (an unknown id dropped)
ok   P2 a note in a folder that is not there is loose
ok   P2 a folder cycle is cut at its lowest slot, once
ok   P2 a folder its own parent, or under a missing one, is top level
ok   P2 depth, region and subtree counts follow the cut tree
ok   P2 loose notes grouped by component, largest first, singletons pooled last
ok   P2 a link to a foldered note does not join a loose group
ok   P2 at most 256 loose groups of their own, then one pool
ok   P2 an empty vault builds
ok   P2 the filter: everything is no mask; pages, ideas and linked notes as they are
ok   P2 a folder filter shows its notes and hubs, all the way down, and nothing else
ok   P2 a hub shows while a note under it does
ok   P2 an unknown folder filters everything out
ok   P3 notes then hubs, all finite (19.8 ms)
ok   P3 every note inside its folder's ball
ok   P3 and inside its region's system
ok   P3 no sibling systems overlap, nor their parent's ball
     seed: minimum note spacing 0.835, extent 345 units
ok   P3 nearest neighbours at least 0.8 spacing apart
ok   P3 no two bodies' discs touch
ok   P3 deterministic
ok   P3 a cancelled layout stops
ok   P3 a longer link scale moves bodies apart, sizes stay
     picks over 100915 bodies: 2000/2000 equal brute force, 1243 hit; 0.4630 ms a pick vs 1.036 ms brute
ok   P4 2000 taps over 8 poses pick as brute force does
ok   P4 with exact ties and discs wider than a bin, still brute force's answer
ok   P4 (a) the smallest disc holding the finger
ok   P4 (a) unless a nearer disc covers its centre
ok   P4 (a) equal discs: the first
ok   P4 (b) a note within 6 points beats a nearer folder
ok   P4 (b) but not from further than 6
ok   P4 (b) then the smaller
ok   P4 (b) a finger reaches 28 points, the pointer 16
ok   P4 a drag picks up a 2-point disc 15 points away (12-point floor), never by rule (b)
ok   P4 behind the camera is never picked
ok   P4 an empty map picks nothing
ok   P5 sphere queries equal brute force
ok   P5 k-nearest queries equal brute force (in empty space too)
ok   P6 pixel radius is radius x focal / depth
ok   P6 notes drawn 1.25 to 28 points, hubs 3 to 48
ok   P6 a note fades from 0 under 0.35 points to whole over 1.25, never back
ok   P6 a long link between whole notes is the tier's base
ok   P6 bold x1.5, the fainter end, across folders x0.55, dimmed x0.15
ok   P6 a link under 2 points is not drawn, and fades in by 12
ok   P6 label budgets 12, 8 and 4
ok   P6 the nearest labels, within budget, the selection always first (3032 on screen, 0.0 ms)
ok   P6 a 1% depth swap does not swap the labels
ok   P6 a clear change does
ok   P6 the selection even when far and the budget is full
ok   P7 a steady stream: p50 = p95 = the frame, no hitches
ok   P7 1 to 100 ms: p50 50, p95 95, 75 frames over 25 ms
ok   P7 three long frames are three hitches, p95 still the frame
ok   P7 no frames, zeros
ok   P7 the readout: notes, links, frames a second; what was drawn
ok   P7 one of each is singular, and small numbers have no commas
ok   P8 generator linear: 6.7 ms at 25k, 30.5 ms at 100k, x4.5
ok   P8 graph linear: 5.7 ms at 25k, 31.5 ms at 100k, x5.5
ok   P8 seed layout linear: 5.0 ms at 25k, 19.0 ms at 100k, x3.8
ok   P8 screen bins linear: 0.4 ms at 25k, 1.5 ms at 100k, x4.0
     force: 320 steps of 5000 notes over 16 sweeps; a step 2.36 ms median, 4.32 ms p95, 6.12 ms worst; links inside a folder 4.59 -> 3.56 units
ok   P9 at 100,000 notes a step of 5000 is within a frame: median under 8 ms, worst under 25 ms
ok   P9 it settles: every note visited once a sweep, then a step does nothing
ok   P9 every note still inside its folder's ball and clear of its hub
ok   P9 links inside a folder draw together (at least 10% shorter)
ok   P9 hubs never move
ok   P9 notes stay apart: none closer than 0.45 of a spacing
ok   P9 every position finite
ok   P9 deterministic, and the same however the sweeps are sliced into steps
ok   P9 a step stops at the end of a sweep
ok   P9 an empty map is settled at once
ok   P9 positions are what the GPU takes: x, y, z, radius per body
ok   P10 the view puts the eye at the origin and the target straight ahead
ok   P10 right, up and forward are a right-handed unit frame
ok   P10 depth 0 at the near plane, 1 at the far one
ok   P10 the target is in the middle of the screen
ok   P10 a point projects where the matrices put it, and the ray back through it passes through it
ok   P10 turning keeps the distance and stops short of straight down
ok   P10 a pinch halves the distance, within its limits
ok   P10 two fingers slide the target across the view, a point at its depth moving with them
ok   P10 framing a ball fits it in the window above the card, centred there, about 90% across
ok   P10 a glide starts and ends on its poses, and turns the short way round
ok   P10 the frustum holds the target, not what is behind the eye, beyond the far plane or off to the side
ok   P11 every link once: inside one cluster, or in the bundle of its two
ok   P11 bundles: one per cluster pair, in order, holding exactly that pair's links (14894)
     lod x1 the framing distance: 100798 bodies, 57 glows, 230126 lines
     lod x2 the framing distance: 69304 bodies, 739 glows, 131599 lines
     lod x4 the framing distance: 25975 bodies, 962 glows, 56381 lines
     lod x8 the framing distance: 0 bodies, 974 glows, 15785 lines
     lod x16 the framing distance: 0 bodies, 974 glows, 15785 lines
     lod x64 the framing distance: 0 bodies, 974 glows, 15785 lines
ok   P11 bodies and lines drawn shrink as the camera goes back (whole map in view)
ok   P11 at the whole-map framing (a phone held upright) at least 95,000 of 100,000 notes are drawn one by one
ok   P11 far enough away every cluster is one glow, and only bundles and the folder tree are left
ok   P11 planning the whole map takes under 16 ms (0.48 ms median)
ok   P11 near, even on the saver tier, a folder is drawn in full: every note, its hub and its own links
ok   P11 and what is out of view is not drawn at all (955 of 974 clusters culled)
ok   P11 a tier's budget is never passed: the clusters smallest on screen collapse first
ok   P11 the same view again changes nothing (no copy to the GPU)
ok   P11 the filter: only pages (and hubs over them) drawn, only links between two shown notes
     scene at 100,000 from graph and layout: 20.6 ms (clusters, colours, lines, ids)
ok   P12 a colour per body, opaque; a hub lighter than the notes of its region
ok   P12 lines: every link's two notes, then each folder's hub to its parent's
ok   P12 each body's cluster: a note's system, a hub its own folder
ok   P12 a body's id and back
ok   P12 titles: made on demand for the demo vault, the input's own otherwise
ok   P12 the bounds hold every body
ok   P12 the whole scene from 100,000 notes in under 1 s (74.0 ms)
     300k: generated in 110.7 ms, scene in 254.5 ms, 708446 links; smooth tier draws 159396 bodies, 998 glows, 304960 lines (planned in 3.01 ms); a layout step 2.96 ms median
ok   P12 300,000 notes: the scene in under 4 s, the smooth tier within its budget, a layout step within a frame
ok   P13 the shader source has perf_body_vertex
ok   P13 the shader source has perf_body_fragment
ok   P13 the shader source has perf_line_vertex
ok   P13 the shader source has perf_line_fragment
ok   P13 the shader source has perf_bundle_vertex
ok   P13 the shader source has perf_glow_vertex
ok   P13 the shader source has perf_glow_fragment
ok   P13 every buffer the shaders read sits at the slot the renderer binds it to
ok   P13 the frame is ten float4s in Frame's order
     tap at 100,000: 7138 drawn bodies projected and binned in 0.61 ms, a tap 0.0896 ms; 49/400 landed on the node tapped (the rest on a smaller or nearer disc over it)
ok   P14 a tap on a drawn node's centre picks as brute force over what is drawn
ok   P14 projecting and binning what is drawn at 100,000 takes under 20 ms
ok   P14 far away a tap lands on a cluster's glow
ALL PASSED

run rc=0