com.cramdown.app: 11815
Note: No display specified. Defaulting to display: 95982A26-B440-415D-9015-93C24A0B9145 (screenID: 1, name: LCD)
Wrote screenshot to: /Users/runner/work/red-pen-ios/red-pen-ios/devices/iPad-Pro-13-inch-M5-library.png
iPad-Pro-13-inch-M5 library try 1: 1517677 bytes
com.cramdown.app: 12708
Note: No display specified. Defaulting to display: 95982A26-B440-415D-9015-93C24A0B9145 (screenID: 1, name: LCD)
Wrote screenshot to: /Users/runner/work/red-pen-ios/red-pen-ios/devices/iPad-Pro-13-inch-M5-quiz.png
iPad-Pro-13-inch-M5 quiz try 1: 1837056 bytes
com.cramdown.app: 16434
Note: No display specified. Defaulting to display: 0EE99DD1-2877-4BA6-BD8E-D38794F1E8E6 (screenID: 1, name: LCD)
Wrote screenshot to: /Users/runner/work/red-pen-ios/red-pen-ios/devices/iPad-mini-A17-Pro-library.png
iPad-mini-A17-Pro library try 1: 1215309 bytes
com.cramdown.app: 17081
Note: No display specified. Defaulting to display: 0EE99DD1-2877-4BA6-BD8E-D38794F1E8E6 (screenID: 1, name: LCD)
Wrote screenshot to: /Users/runner/work/red-pen-ios/red-pen-ios/devices/iPad-mini-A17-Pro-quiz.png
iPad-mini-A17-Pro quiz try 1: 1483436 bytes
com.cramdown.app: 20571
Note: No display specified. Defaulting to display: 04445979-DDC1-425A-9950-C0222364A579 (screenID: 1, name: LCD)
Wrote screenshot to: /Users/runner/work/red-pen-ios/red-pen-ios/devices/iPad-Air-13-inch-M4-library.png
iPad-Air-13-inch-M4 library try 1: 1495899 bytes
com.cramdown.app: 21492
Note: No display specified. Defaulting to display: 04445979-DDC1-425A-9950-C0222364A579 (screenID: 1, name: LCD)
Wrote screenshot to: /Users/runner/work/red-pen-ios/red-pen-ios/devices/iPad-Air-13-inch-M4-quiz.png
iPad-Air-13-inch-M4 quiz try 1: 2269687 bytes
