com.cramdown.app: 17526
Note: No display specified. Defaulting to display: 4626C3D0-DA03-4249-BFE7-890487C52952 (screenID: 1, name: LCD)
Wrote screenshot to: /Users/runner/work/red-pen-ios/red-pen-ios/ipad/library-portrait.png
com.cramdown.app: 18583
Note: No display specified. Defaulting to display: 4626C3D0-DA03-4249-BFE7-890487C52952 (screenID: 1, name: LCD)
Wrote screenshot to: /Users/runner/work/red-pen-ios/red-pen-ios/ipad/quiz-portrait.png
com.cramdown.app: 19294
Note: No display specified. Defaulting to display: 4626C3D0-DA03-4249-BFE7-890487C52952 (screenID: 1, name: LCD)
Wrote screenshot to: /Users/runner/work/red-pen-ios/red-pen-ios/ipad/quiz-checked-portrait.png
com.cramdown.app: 20142
Note: No display specified. Defaulting to display: 4626C3D0-DA03-4249-BFE7-890487C52952 (screenID: 1, name: LCD)
Wrote screenshot to: /Users/runner/work/red-pen-ios/red-pen-ios/ipad/anki-revealed-portrait.png
com.cramdown.app: 21165
Note: No display specified. Defaulting to display: 4626C3D0-DA03-4249-BFE7-890487C52952 (screenID: 1, name: LCD)
Wrote screenshot to: /Users/runner/work/red-pen-ios/red-pen-ios/ipad/book-portrait.png
com.cramdown.app: 22108
Note: No display specified. Defaulting to display: 4626C3D0-DA03-4249-BFE7-890487C52952 (screenID: 1, name: LCD)
Wrote screenshot to: /Users/runner/work/red-pen-ios/red-pen-ios/ipad/osce-revealed-portrait.png
com.cramdown.app: 22688
Note: No display specified. Defaulting to display: 4626C3D0-DA03-4249-BFE7-890487C52952 (screenID: 1, name: LCD)
Wrote screenshot to: /Users/runner/work/red-pen-ios/red-pen-ios/ipad/library-landscape.png
com.cramdown.app: 23790
Note: No display specified. Defaulting to display: 4626C3D0-DA03-4249-BFE7-890487C52952 (screenID: 1, name: LCD)
Wrote screenshot to: /Users/runner/work/red-pen-ios/red-pen-ios/ipad/quiz-landscape.png
com.cramdown.app: 24545
Note: No display specified. Defaulting to display: 4626C3D0-DA03-4249-BFE7-890487C52952 (screenID: 1, name: LCD)
Wrote screenshot to: /Users/runner/work/red-pen-ios/red-pen-ios/ipad/quiz-checked-landscape.png
com.cramdown.app: 25152
Note: No display specified. Defaulting to display: 4626C3D0-DA03-4249-BFE7-890487C52952 (screenID: 1, name: LCD)
Wrote screenshot to: /Users/runner/work/red-pen-ios/red-pen-ios/ipad/anki-revealed-landscape.png
com.cramdown.app: 25504
Note: No display specified. Defaulting to display: 4626C3D0-DA03-4249-BFE7-890487C52952 (screenID: 1, name: LCD)
Wrote screenshot to: /Users/runner/work/red-pen-ios/red-pen-ios/ipad/book-landscape.png
com.cramdown.app: 25982
Note: No display specified. Defaulting to display: 4626C3D0-DA03-4249-BFE7-890487C52952 (screenID: 1, name: LCD)
Wrote screenshot to: /Users/runner/work/red-pen-ios/red-pen-ios/ipad/osce-revealed-landscape.png
NOT ACTUALLY LANDSCAPE: ipad/anki-revealed-landscape.png is 2064x2752
NOT ACTUALLY LANDSCAPE: ipad/book-landscape.png is 2064x2752
NOT ACTUALLY LANDSCAPE: ipad/library-landscape.png is 2064x2752
NOT ACTUALLY LANDSCAPE: ipad/osce-revealed-landscape.png is 2064x2752
NOT ACTUALLY LANDSCAPE: ipad/quiz-checked-landscape.png is 2064x2752
NOT ACTUALLY LANDSCAPE: ipad/quiz-landscape.png is 2064x2752
