compile rc=0
ok   a leading number is not part of the step
ok   however it is punctuated
ok   a dash is a bullet, not a word
ok   and neither is 'Step 3:'
ok   but a step that simply starts with a number keeps it
ok   cleaning strips numbering, drops repeats, blanks, stubs and paragraphs
ok   a station of nothing cleans to nothing
ok   an unreasonably long station is capped
ok   a titled station with enough steps is usable
ok   one with no title is not
ok   and neither is one with two steps, which is not a station
ok   tidying drops repeats and the unusable
ok   and cleans the title too
ok   and the steps inside it
ok   keeping the order they arrived in
ok   every station survives the round trip
ok   with its title
ok   and every step, in order
ok   and it is written in the format the screen documents
ok   the prompt names the subject
ok   and carries the source
ok   and says what has already been written, so the next call does not repeat it
ok   and asks for unnumbered steps, since the order is the number

ALL OSCE TESTS PASS
run rc=0
