com.cramdown.app: 17680
Note: No display specified. Defaulting to display: DBF638EF-55C9-46A3-9FE4-3A017AA6FE52 (screenID: 1, name: LCD)
Wrote screenshot to: /Users/runner/work/red-pen-ios/red-pen-ios/previews/library-light.png
colour 208,215,225: library-light.png
com.cramdown.app: 18729
Note: No display specified. Defaulting to display: DBF638EF-55C9-46A3-9FE4-3A017AA6FE52 (screenID: 1, name: LCD)
Wrote screenshot to: /Users/runner/work/red-pen-ios/red-pen-ios/previews/new-light.png
colour 209,216,226: new-light.png
com.cramdown.app: 19707
Note: No display specified. Defaulting to display: DBF638EF-55C9-46A3-9FE4-3A017AA6FE52 (screenID: 1, name: LCD)
Wrote screenshot to: /Users/runner/work/red-pen-ios/red-pen-ios/previews/quiz-light.png
colour 208,215,224: quiz-light.png
com.cramdown.app: 20381
Note: No display specified. Defaulting to display: DBF638EF-55C9-46A3-9FE4-3A017AA6FE52 (screenID: 1, name: LCD)
Wrote screenshot to: /Users/runner/work/red-pen-ios/red-pen-ios/previews/quiz-checked-light.png
colour 208,215,224: quiz-checked-light.png
com.cramdown.app: 20710
Note: No display specified. Defaulting to display: DBF638EF-55C9-46A3-9FE4-3A017AA6FE52 (screenID: 1, name: LCD)
Wrote screenshot to: /Users/runner/work/red-pen-ios/red-pen-ios/previews/summary-light.png
colour 209,216,225: summary-light.png
com.cramdown.app: 21066
Note: No display specified. Defaulting to display: DBF638EF-55C9-46A3-9FE4-3A017AA6FE52 (screenID: 1, name: LCD)
Wrote screenshot to: /Users/runner/work/red-pen-ios/red-pen-ios/previews/anki-light.png
colour 8,29,51: anki-light.png
launch screen, retake 1: anki (light)
Note: No display specified. Defaulting to display: DBF638EF-55C9-46A3-9FE4-3A017AA6FE52 (screenID: 1, name: LCD)
Wrote screenshot to: /Users/runner/work/red-pen-ios/red-pen-ios/previews/anki-light.png
colour 8,29,51: anki-light.png
launch screen, retake 2: anki (light)
Note: No display specified. Defaulting to display: DBF638EF-55C9-46A3-9FE4-3A017AA6FE52 (screenID: 1, name: LCD)
Wrote screenshot to: /Users/runner/work/red-pen-ios/red-pen-ios/previews/anki-light.png
colour 213,219,228: anki-light.png
com.cramdown.app: 23286
Note: No display specified. Defaulting to display: DBF638EF-55C9-46A3-9FE4-3A017AA6FE52 (screenID: 1, name: LCD)
Wrote screenshot to: /Users/runner/work/red-pen-ios/red-pen-ios/previews/anki-revealed-light.png
colour 208,215,224: anki-revealed-light.png
com.cramdown.app: 24321
Note: No display specified. Defaulting to display: DBF638EF-55C9-46A3-9FE4-3A017AA6FE52 (screenID: 1, name: LCD)
Wrote screenshot to: /Users/runner/work/red-pen-ios/red-pen-ios/previews/book-light.png
colour 208,214,223: book-light.png
com.cramdown.app: 24784
Note: No display specified. Defaulting to display: DBF638EF-55C9-46A3-9FE4-3A017AA6FE52 (screenID: 1, name: LCD)
Wrote screenshot to: /Users/runner/work/red-pen-ios/red-pen-ios/previews/osce-light.png
colour 213,219,228: osce-light.png
com.cramdown.app: 25506
Note: No display specified. Defaulting to display: DBF638EF-55C9-46A3-9FE4-3A017AA6FE52 (screenID: 1, name: LCD)
Wrote screenshot to: /Users/runner/work/red-pen-ios/red-pen-ios/previews/osce-revealed-light.png
colour 213,220,229: osce-revealed-light.png
com.cramdown.app: 26219
Note: No display specified. Defaulting to display: DBF638EF-55C9-46A3-9FE4-3A017AA6FE52 (screenID: 1, name: LCD)
Wrote screenshot to: /Users/runner/work/red-pen-ios/red-pen-ios/previews/osce-complete-light.png
colour 209,216,226: osce-complete-light.png
com.cramdown.app: 27362
Note: No display specified. Defaulting to display: DBF638EF-55C9-46A3-9FE4-3A017AA6FE52 (screenID: 1, name: LCD)
Wrote screenshot to: /Users/runner/work/red-pen-ios/red-pen-ios/previews/narrate-light.png
colour 209,216,225: narrate-light.png
com.cramdown.app: 28058
Note: No display specified. Defaulting to display: DBF638EF-55C9-46A3-9FE4-3A017AA6FE52 (screenID: 1, name: LCD)
Wrote screenshot to: /Users/runner/work/red-pen-ios/red-pen-ios/previews/narrate-finished-light.png
colour 209,215,224: narrate-finished-light.png
com.cramdown.app: 28136
Note: No display specified. Defaulting to display: DBF638EF-55C9-46A3-9FE4-3A017AA6FE52 (screenID: 1, name: LCD)
Wrote screenshot to: /Users/runner/work/red-pen-ios/red-pen-ios/previews/anki-quizable-light.png
colour 212,219,228: anki-quizable-light.png
com.cramdown.app: 28802
Note: No display specified. Defaulting to display: DBF638EF-55C9-46A3-9FE4-3A017AA6FE52 (screenID: 1, name: LCD)
Wrote screenshot to: /Users/runner/work/red-pen-ios/red-pen-ios/previews/quiz-from-cards-light.png
colour 208,215,225: quiz-from-cards-light.png
com.cramdown.app: 29046
Note: No display specified. Defaulting to display: DBF638EF-55C9-46A3-9FE4-3A017AA6FE52 (screenID: 1, name: LCD)
Wrote screenshot to: /Users/runner/work/red-pen-ios/red-pen-ios/previews/narrate-fixing-light.png
colour 210,214,220: narrate-fixing-light.png
com.cramdown.app: 29545
Note: No display specified. Defaulting to display: DBF638EF-55C9-46A3-9FE4-3A017AA6FE52 (screenID: 1, name: LCD)
Wrote screenshot to: /Users/runner/work/red-pen-ios/red-pen-ios/previews/quiz-folded-light.png
colour 207,214,224: quiz-folded-light.png
com.cramdown.app: 30200
Note: No display specified. Defaulting to display: DBF638EF-55C9-46A3-9FE4-3A017AA6FE52 (screenID: 1, name: LCD)
Wrote screenshot to: /Users/runner/work/red-pen-ios/red-pen-ios/previews/library-end-light.png
colour 211,218,228: library-end-light.png
com.cramdown.app: 30684
Note: No display specified. Defaulting to display: DBF638EF-55C9-46A3-9FE4-3A017AA6FE52 (screenID: 1, name: LCD)
Wrote screenshot to: /Users/runner/work/red-pen-ios/red-pen-ios/previews/library-dark.png
colour 48,54,63: library-dark.png
com.cramdown.app: 31032
Note: No display specified. Defaulting to display: DBF638EF-55C9-46A3-9FE4-3A017AA6FE52 (screenID: 1, name: LCD)
Wrote screenshot to: /Users/runner/work/red-pen-ios/red-pen-ios/previews/new-dark.png
colour 47,52,60: new-dark.png
com.cramdown.app: 31407
Note: No display specified. Defaulting to display: DBF638EF-55C9-46A3-9FE4-3A017AA6FE52 (screenID: 1, name: LCD)
Wrote screenshot to: /Users/runner/work/red-pen-ios/red-pen-ios/previews/quiz-dark.png
colour 48,53,62: quiz-dark.png
com.cramdown.app: 31902
Note: No display specified. Defaulting to display: DBF638EF-55C9-46A3-9FE4-3A017AA6FE52 (screenID: 1, name: LCD)
Wrote screenshot to: /Users/runner/work/red-pen-ios/red-pen-ios/previews/quiz-checked-dark.png
colour 49,54,62: quiz-checked-dark.png
com.cramdown.app: 32182
Note: No display specified. Defaulting to display: DBF638EF-55C9-46A3-9FE4-3A017AA6FE52 (screenID: 1, name: LCD)
Wrote screenshot to: /Users/runner/work/red-pen-ios/red-pen-ios/previews/summary-dark.png
colour 47,52,61: summary-dark.png
com.cramdown.app: 32754
Note: No display specified. Defaulting to display: DBF638EF-55C9-46A3-9FE4-3A017AA6FE52 (screenID: 1, name: LCD)
Wrote screenshot to: /Users/runner/work/red-pen-ios/red-pen-ios/previews/anki-dark.png
colour 44,49,57: anki-dark.png
com.cramdown.app: 33315
Note: No display specified. Defaulting to display: DBF638EF-55C9-46A3-9FE4-3A017AA6FE52 (screenID: 1, name: LCD)
Wrote screenshot to: /Users/runner/work/red-pen-ios/red-pen-ios/previews/anki-revealed-dark.png
colour 49,53,61: anki-revealed-dark.png
com.cramdown.app: 33919
Note: No display specified. Defaulting to display: DBF638EF-55C9-46A3-9FE4-3A017AA6FE52 (screenID: 1, name: LCD)
Wrote screenshot to: /Users/runner/work/red-pen-ios/red-pen-ios/previews/book-dark.png
colour 50,54,62: book-dark.png
com.cramdown.app: 34151
Note: No display specified. Defaulting to display: DBF638EF-55C9-46A3-9FE4-3A017AA6FE52 (screenID: 1, name: LCD)
Wrote screenshot to: /Users/runner/work/red-pen-ios/red-pen-ios/previews/osce-dark.png
colour 44,50,58: osce-dark.png
com.cramdown.app: 34873
Note: No display specified. Defaulting to display: DBF638EF-55C9-46A3-9FE4-3A017AA6FE52 (screenID: 1, name: LCD)
Wrote screenshot to: /Users/runner/work/red-pen-ios/red-pen-ios/previews/osce-revealed-dark.png
colour 44,49,57: osce-revealed-dark.png
com.cramdown.app: 34978
Note: No display specified. Defaulting to display: DBF638EF-55C9-46A3-9FE4-3A017AA6FE52 (screenID: 1, name: LCD)
Wrote screenshot to: /Users/runner/work/red-pen-ios/red-pen-ios/previews/osce-complete-dark.png
colour 47,52,61: osce-complete-dark.png
com.cramdown.app: 35671
Note: No display specified. Defaulting to display: DBF638EF-55C9-46A3-9FE4-3A017AA6FE52 (screenID: 1, name: LCD)
Wrote screenshot to: /Users/runner/work/red-pen-ios/red-pen-ios/previews/narrate-dark.png
colour 48,53,61: narrate-dark.png
com.cramdown.app: 35964
Note: No display specified. Defaulting to display: DBF638EF-55C9-46A3-9FE4-3A017AA6FE52 (screenID: 1, name: LCD)
Wrote screenshot to: /Users/runner/work/red-pen-ios/red-pen-ios/previews/narrate-finished-dark.png
colour 49,53,61: narrate-finished-dark.png
com.cramdown.app: 36781
Note: No display specified. Defaulting to display: DBF638EF-55C9-46A3-9FE4-3A017AA6FE52 (screenID: 1, name: LCD)
Wrote screenshot to: /Users/runner/work/red-pen-ios/red-pen-ios/previews/anki-quizable-dark.png
colour 45,50,58: anki-quizable-dark.png
com.cramdown.app: 37273
Note: No display specified. Defaulting to display: DBF638EF-55C9-46A3-9FE4-3A017AA6FE52 (screenID: 1, name: LCD)
Wrote screenshot to: /Users/runner/work/red-pen-ios/red-pen-ios/previews/quiz-from-cards-dark.png
colour 47,52,61: quiz-from-cards-dark.png
com.cramdown.app: 37634
Note: No display specified. Defaulting to display: DBF638EF-55C9-46A3-9FE4-3A017AA6FE52 (screenID: 1, name: LCD)
Wrote screenshot to: /Users/runner/work/red-pen-ios/red-pen-ios/previews/narrate-fixing-dark.png
colour 40,45,51: narrate-fixing-dark.png
com.cramdown.app: 38031
Note: No display specified. Defaulting to display: DBF638EF-55C9-46A3-9FE4-3A017AA6FE52 (screenID: 1, name: LCD)
Wrote screenshot to: /Users/runner/work/red-pen-ios/red-pen-ios/previews/quiz-folded-dark.png
colour 48,53,61: quiz-folded-dark.png
com.cramdown.app: 38395
Note: No display specified. Defaulting to display: DBF638EF-55C9-46A3-9FE4-3A017AA6FE52 (screenID: 1, name: LCD)
Wrote screenshot to: /Users/runner/work/red-pen-ios/red-pen-ios/previews/library-end-dark.png
colour 46,51,60: library-end-dark.png
