compile rc=0
ok   slides come back in the order they are shown
ok   the relationship files are not slides
ok   a deck with no slides is not an error
ok   the title comes through
ok   each bullet is its own line
ok   an ampersand survives
ok   an attribute on the run is not mistaken for text
ok   an empty slide gives nothing rather than crashing
ok   a table's cells are read as text
ok   and no markup leaks into it
ok   a question lands on the page it came from
ok   a different fact lands on its own page
ok   a question matching nothing is left uncited
ok   an empty question is not attributed
ok   a document with no pages attributes nothing
ok   the citation names the file and the page
ok   a card that already knows its page keeps it
ok   a card with no source gets one
ok   a nameless file still cites the page
ok   deleting an earlier option moves the key with it
ok   deleting a later option leaves the key alone
ok   deleting the key itself leaves nothing marked correct
ok   and a question with nothing marked cannot be saved
ok   until the right answer is picked again
ok   dropping a blank option moves the key too
ok   whitespace around an option is trimmed
ok   a question with no options does not crash, and is not saved
ok   clearing the keyed option's text does not make A the key
ok   the key follows its position, not the first option with the same words

ALL SLIDE TESTS PASS
run rc=0
