com.cramdown.app: 16067
com.cramdown.app: 16081
com.cramdown.app: 16099
com.cramdown.app: 16115
com.cramdown.app: 16133
com.cramdown.app: 16187
com.cramdown.app: 16394
com.cramdown.app: 16474
com.cramdown.app: 16558
com.cramdown.app: 16662
com.cramdown.app: 17163
com.cramdown.app: 17393
com.cramdown.app: 17438
com.cramdown.app: 17564
com.cramdown.app: 17956
com.cramdown.app: 18416
com.cramdown.app: 18552
com.cramdown.app: 18737
com.cramdown.app: 19067
com.cramdown.app: 19331
com.cramdown.app: 19345
com.cramdown.app: 19504
com.cramdown.app: 19826
com.cramdown.app: 20077
com.cramdown.app: 20093
com.cramdown.app: 20563
com.cramdown.app: 21033
com.cramdown.app: 21272
com.cramdown.app: 21469
com.cramdown.app: 21797
com.cramdown.app: 21967
com.cramdown.app: 21993
com.cramdown.app: 22290
com.cramdown.app: 22634
com.cramdown.app: 22688
com.cramdown.app: 22848
