
compile rc=0
ok   every token has a value
ok   white on black is 21
ok   Theatre Blue on Clean Sheet is about 6.3
ok   light: ink on surface at least 4.5
ok   light: ink on background at least 4.5
ok   light: inkSecondary on surface at least 4.5
ok   light: inkSecondary on background at least 4.5
ok   light: primaryInk on surface at least 4.5
ok   light: primaryInk on background at least 4.5
ok   light: onPrimary on primary at least 4.5
ok   light: ecg on surface at least 4.5
ok   light: success on surface at least 4.5
ok   light: warning on surface at least 4.5
ok   light: danger on surface at least 4.5
ok   light: beam on surface at least 3.0
ok   light: ecg on background at least 4.5
ok   light: success on background at least 4.5
ok   light: warning on background at least 4.5
ok   light: danger on background at least 4.5
ok   light: beam on background at least 3.0
ok   dark: ink on surface at least 4.5
ok   dark: ink on background at least 4.5
ok   dark: inkSecondary on surface at least 4.5
ok   dark: inkSecondary on background at least 4.5
ok   dark: primaryInk on surface at least 4.5
ok   dark: primaryInk on background at least 4.5
ok   dark: onPrimary on primary at least 4.5
ok   dark: ecg on surface at least 4.5
ok   dark: success on surface at least 4.5
ok   dark: warning on surface at least 4.5
ok   dark: danger on surface at least 4.5
ok   dark: beam on surface at least 3.0
ok   dark: ecg on background at least 4.5
ok   dark: success on background at least 4.5
ok   dark: warning on background at least 4.5
ok   dark: danger on background at least 4.5
ok   dark: beam on background at least 3.0
ok   the monitor card is dark in both modes
ok   light: cards and the ground are one base
ok   light: a groove shows but stays soft
ok   dark: cards and the ground are one base
ok   dark: a groove shows but stays soft
ok   light: the base is a light grey
ok   dark: the base is a dark grey, not black
ok   monitor: ink at least 4.5
ok   monitor: inkSecondary at least 4.5
ok   monitor: primaryInk at least 4.5
ok   monitor: ecg at least 4.5
ok   monitor: success at least 4.5
ok   monitor: warning at least 4.5
ok   monitor: danger at least 4.5
ok   monitor: beam at least 3.0
ok   the AccentColor asset is found
ok   AccentColor (light) is Theatre Blue
ok   AccentColor (dark) is the night-shift primary

ALL WARD PALETTE TESTS PASS

run rc=0